
Memory Configuration

Name             Origin             Length             Attributes
big_mem          0x00000000         0x04000000         xrw
*default*        0x00000000         0xffffffff

Linker script and memory map

                0x00010000                . = 0x10000

.startup        0x00010000       0x10
 startup.o(.text)
 .text          0x00010000       0x10 startup.o
                0x00010000                reset

.text           0x00010010       0x74
 *(.text)
 .text          0x00010010       0x1c main.o
                0x00010010                c_is_powerful
 .text          0x0001002c       0x58 uart.o
                0x0001002c                uart_send_string
 *(.rodata)

.glue_7         0x00010084        0x0
 .glue_7        0x00010084        0x0 linker stubs

.glue_7t        0x00010084        0x0
 .glue_7t       0x00010084        0x0 linker stubs

.vfp11_veneer   0x00010084        0x0
 .vfp11_veneer  0x00010084        0x0 linker stubs

.v4_bx          0x00010084        0x0
 .v4_bx         0x00010084        0x0 linker stubs

.iplt           0x00010084        0x0
 .iplt          0x00010084        0x0 startup.o

.rel.dyn        0x00010084        0x0
 .rel.iplt      0x00010084        0x0 startup.o

.data           0x00010084       0x64
 *(.data)
 .data          0x00010084        0x0 startup.o
 .data          0x00010084       0x64 main.o
                0x00010084                buffer
 .data          0x000100e8        0x0 uart.o

.igot.plt       0x000100e8        0x0
 .igot.plt      0x000100e8        0x0 startup.o

.bss            0x000100e8        0x0
 *(.bss)
 .bss           0x000100e8        0x0 startup.o
 .bss           0x000100e8        0x0 main.o
 .bss           0x000100e8        0x0 uart.o
 *(COMMON)
                0x000110e8                . = (. + 0x1000)
                0x000110e8                stack_top = .
LOAD main.o
LOAD uart.o
LOAD startup.o
OUTPUT(learn-in-depth.elf elf32-littlearm)
LOAD linker stubs

.ARM.attributes
                0x00000000       0x2e
 .ARM.attributes
                0x00000000       0x22 startup.o
 .ARM.attributes
                0x00000022       0x2c main.o
 .ARM.attributes
                0x0000004e       0x2c uart.o

.comment        0x00000000       0x49
 .comment       0x00000000       0x49 main.o
                                 0x4a (size before relaxing)
 .comment       0x00000049       0x4a uart.o
