
Memory Configuration

Name             Origin             Length             Attributes
FLASH            0x00000000         0x20000000         xr
SRAM             0x20000000         0x20000000         xrw
*default*        0x00000000         0xffffffff

Linker script and memory map


.text           0x00000000      0x13c
 *(.vectors*)
 .vectors       0x00000000       0x10 release/startup.o
                0x00000000                Vectors_Arr
 *(.text*)
 .text          0x00000010       0x90 release/main.o
                0x00000010                main
 .text          0x000000a0       0x9c release/startup.o
                0x000000a0                H_Fault_Handler
                0x000000a0                MM_Fault_Handler
                0x000000a0                Default_Handler
                0x000000a0                NMI_Handler
                0x000000ac                Reset_Handler
 *(.rodata)
                0x0000013c                _E_Text = .
                0x0000013c                . = ALIGN (0x4)

.glue_7         0x0000013c        0x0
 .glue_7        0x0000013c        0x0 linker stubs

.glue_7t        0x0000013c        0x0
 .glue_7t       0x0000013c        0x0 linker stubs

.vfp11_veneer   0x0000013c        0x0
 .vfp11_veneer  0x0000013c        0x0 linker stubs

.v4_bx          0x0000013c        0x0
 .v4_bx         0x0000013c        0x0 linker stubs

.iplt           0x0000013c        0x0
 .iplt          0x0000013c        0x0 release/startup.o

.rel.dyn        0x0000013c        0x0
 .rel.iplt      0x0000013c        0x0 release/startup.o

.data           0x20000000        0x0 load address 0x0000013c
                0x20000000                _S_Data = .
 *(.data)
 .data          0x20000000        0x0 release/main.o
 .data          0x20000000        0x0 release/startup.o
                0x20000000                _E_Data = .
                0x20000000                . = ALIGN (0x4)

.igot.plt       0x20000000        0x0 load address 0x0000013c
 .igot.plt      0x20000000        0x0 release/startup.o

.bss            0x20000000      0x400 load address 0x0000013c
                0x20000000                _S_Bss = .
 *(.bss)
 .bss           0x20000000        0x0 release/main.o
 .bss           0x20000000      0x400 release/startup.o
                0x20000400                _E_Bss = .
LOAD release/main.o
LOAD release/startup.o
OUTPUT(release/TIVAC_Cortex_M4.elf elf32-littlearm)
LOAD linker stubs

.debug_info     0x00000000      0x1e9
 .debug_info    0x00000000       0x67 release/main.o
 .debug_info    0x00000067      0x182 release/startup.o

.debug_abbrev   0x00000000      0x144
 .debug_abbrev  0x00000000       0x5e release/main.o
 .debug_abbrev  0x0000005e       0xe6 release/startup.o

.debug_loc      0x00000000       0xb4
 .debug_loc     0x00000000       0x38 release/main.o
 .debug_loc     0x00000038       0x7c release/startup.o

.debug_aranges  0x00000000       0x40
 .debug_aranges
                0x00000000       0x20 release/main.o
 .debug_aranges
                0x00000020       0x20 release/startup.o

.debug_line     0x00000000      0x16d
 .debug_line    0x00000000       0xa3 release/main.o
 .debug_line    0x000000a3       0xca release/startup.o

.debug_str      0x00000000      0x178
 .debug_str     0x00000000       0xe3 release/main.o
 .debug_str     0x000000e3       0x95 release/startup.o
                                0x15c (size before relaxing)

.comment        0x00000000       0x49
 .comment       0x00000000       0x49 release/main.o
                                 0x4a (size before relaxing)
 .comment       0x00000049       0x4a release/startup.o

.ARM.attributes
                0x00000000       0x2e
 .ARM.attributes
                0x00000000       0x2e release/main.o
 .ARM.attributes
                0x0000002e       0x2e release/startup.o

.debug_frame    0x00000000       0x7c
 .debug_frame   0x00000000       0x2c release/main.o
 .debug_frame   0x0000002c       0x50 release/startup.o
