
Memory Configuration

Name             Origin             Length             Attributes
FLASH            0x08000000         0x00020000         xr
SRAM             0x20000000         0x00005000         xrw
*default*        0x00000000         0xffffffff

Linker script and memory map


.text           0x08000000      0x12c
 *(.vectors*)
 .vectors       0x08000000       0x18 release/startup.o
                0x08000000                vectors
 *(.text*)
 .text          0x08000018       0x78 release/main.o
                0x08000018                main
 .text          0x08000090       0x9c release/startup.o
                0x08000090                H_Fault_Handler
                0x08000090                MM_Fault_Handler
                0x08000090                Usage_Fault_Handler
                0x08000090                Bus_Fault
                0x08000090                Default_Handler
                0x08000090                NMI_Handler
                0x0800009c                Reset_Handler
 *(.rodata)
                0x0800012c                _E_Text = .
                0x0800012c                . = ALIGN (0x4)

.glue_7         0x0800012c        0x0
 .glue_7        0x0800012c        0x0 linker stubs

.glue_7t        0x0800012c        0x0
 .glue_7t       0x0800012c        0x0 linker stubs

.vfp11_veneer   0x0800012c        0x0
 .vfp11_veneer  0x0800012c        0x0 linker stubs

.v4_bx          0x0800012c        0x0
 .v4_bx         0x0800012c        0x0 linker stubs

.iplt           0x0800012c        0x0
 .iplt          0x0800012c        0x0 release/startup.o

.rel.dyn        0x0800012c        0x0
 .rel.iplt      0x0800012c        0x0 release/startup.o

.data           0x20000000        0x0 load address 0x0800012c
                0x20000000                _S_Data = .
 *(.data)
 .data          0x20000000        0x0 release/main.o
 .data          0x20000000        0x0 release/startup.o
                0x20000000                _E_Data = .
                0x20000000                . = ALIGN (0x4)

.igot.plt       0x20000000        0x0 load address 0x0800012c
 .igot.plt      0x20000000        0x0 release/startup.o

.bss            0x20000000     0x1008 load address 0x0800012c
                0x20000000                _S_Bss = .
 *(.bss)
 .bss           0x20000000        0x5 release/main.o
                0x20000000                ar2
 .bss           0x20000005        0x0 release/startup.o
                0x20000005                _E_Bss = .
                0x20000008                . = ALIGN (0x4)
 *fill*         0x20000005        0x3 
                0x20001008                . = (. + 0x1000)
 *fill*         0x20000008     0x1000 
                0x20001008                _Stack_Top = .
LOAD release/main.o
LOAD release/startup.o
OUTPUT(release/STM32_Cortex_M3.elf elf32-littlearm)
LOAD linker stubs

.debug_info     0x00000000      0x27b
 .debug_info    0x00000000      0x139 release/main.o
 .debug_info    0x00000139      0x142 release/startup.o

.debug_abbrev   0x00000000      0x1c4
 .debug_abbrev  0x00000000       0xf1 release/main.o
 .debug_abbrev  0x000000f1       0xd3 release/startup.o

.debug_aranges  0x00000000       0x40
 .debug_aranges
                0x00000000       0x20 release/main.o
 .debug_aranges
                0x00000020       0x20 release/startup.o

.debug_line     0x00000000      0x163
 .debug_line    0x00000000       0x99 release/main.o
 .debug_line    0x00000099       0xca release/startup.o

.debug_str      0x00000000      0x1cb
 .debug_str     0x00000000      0x147 release/main.o
                                0x165 (size before relaxing)
 .debug_str     0x00000147       0x84 release/startup.o
                                0x154 (size before relaxing)

.comment        0x00000000       0x49
 .comment       0x00000000       0x49 release/main.o
                                 0x4a (size before relaxing)
 .comment       0x00000049       0x4a release/startup.o

.ARM.attributes
                0x00000000       0x2d
 .ARM.attributes
                0x00000000       0x2d release/main.o
 .ARM.attributes
                0x0000002d       0x2d release/startup.o

.debug_frame    0x00000000       0x7c
 .debug_frame   0x00000000       0x2c release/main.o
 .debug_frame   0x0000002c       0x50 release/startup.o
